[batch 0] offset=0 size=32 remaining=28794s
✅ libp2p already installed
⚠️ Failed to install ipfs_accelerate_py from git main: Running command git clone --filter=blob:none --quiet https://github.com/endomorphosis/ipfs_accelerate_py.git /tmp/pip-install-_kty2f87/ipfs-accelerate-py_d0c91aa8d6d44ebdbddb9aede5a455b8
  Running command git submodule update --init --recursive -q
  fatal: write error: No space left on device
  fatal: fetch-pack: invalid index-pack output
  fatal: clone of 'https://github.com/huggingface/transformers.git' into submodule path '/tmp/pip-install-_kty2f87/ipfs-accelerate-py_d0c91aa8d6d44ebdbddb9aede5a455b8/test/huggingface_transformers' failed
  Failed to clone 'test/huggingface_transformers'. Retry scheduled
  fatal: write error: No space left on device
  fatal: fetch-pack: invalid index-pack output
  fatal: clone of 'https://github.com/huggingface/transformers.git' into submodule path '/tmp/pip-install-_kty2f87/ipfs-accelerate-py_d0c91aa8d6d44ebdbddb9aede5a455b8/test/huggingface_transformers' failed
  Failed to clone 'test/huggingface_transformers' a second time, aborting
  error: subprocess-exited-with-error
  
  × git submodule update --init --recursive -q did not run successfully.
  │ exit code: 1
  ╰─> No available output.
  
  note: This error originates from a subprocess, and is likely not a problem with pip.
ERROR: Failed to build 'ipfs_accelerate_py' when git submodule update --init --recursive -q
[1/32] synthesizing abby-tts-00ecbcd52b27549deb90: I found Oregon Health Plan Application Assistance. The address is 1108 South West fourth Street, Ontario, Oregon. ZIP code nine seven nine one four. You can call five four one, eight eight nine, seven two seven nine. Eligibility: Ages nineteen to sixty four and low income households. Please confirm details before you go, since service availability can change.
[2/32] synthesizing abby-tts-01649520c88d1f9ef83d: I found Homeless Day Center. The address is 12264 South West Hall Boulevard, Tigard, Oregon. ZIP code nine seven two two three. You can call five zero three, six two four, four six six six. Eligibility: age eighteen and older experiencing homelessness. Please confirm details before you go, since service availability can change.
[3/32] synthesizing abby-tts-0939c4312256a0e777d2: I found Foreclosure Avoidance and Eviction Prevention. The address is 528 Cottage Street North East Suite 1C, Salem, Oregon. ZIP code nine seven three zero one. You can call five zero three, seven seven nine, two six eight zero. Another number is five zero three, seven seven nine, two six eight two. Eligibility is unrestricted. Please confirm details before you go, since service availability can change.
