2026-08-05 23:10:36,165 - ipfs_accelerate_py.ipfs_kit_integration - INFO - Successfully imported ipfs_kit_py modules from /home/barberb/211-AI/211-AI/ipfs_datasets_py/ipfs_kit_py/ipfs_kit_py/__init__.py
2026-08-05 23:10:36,165 - ipfs_accelerate_py.ipfs_kit_integration - INFO - IPFS Kit integration enabled successfully
2026-08-05 23:10:36,165 - ipfs_accelerate_py.common.storage_wrapper - INFO - Storage initialized with distributed backend
Device set to use cpu
/home/barberb/.local/lib/python3.12/site-packages/transformers/models/whisper/generation_whisper.py:573: FutureWarning: The input name `inputs` is deprecated. Please make sure to use `input_features` instead.
  warnings.warn(
/home/barberb/.local/lib/python3.12/site-packages/transformers/models/whisper/generation_whisper.py:573: FutureWarning: The input name `inputs` is deprecated. Please make sure to use `input_features` instead.
  warnings.warn(
/home/barberb/.local/lib/python3.12/site-packages/transformers/models/whisper/generation_whisper.py:573: FutureWarning: The input name `inputs` is deprecated. Please make sure to use `input_features` instead.
  warnings.warn(
/home/barberb/.local/lib/python3.12/site-packages/transformers/models/whisper/generation_whisper.py:573: FutureWarning: The input name `inputs` is deprecated. Please make sure to use `input_features` instead.
  warnings.warn(
/home/barberb/.local/lib/python3.12/site-packages/transformers/models/whisper/generation_whisper.py:573: FutureWarning: The input name `inputs` is deprecated. Please make sure to use `input_features` instead.
  warnings.warn(
/home/barberb/.local/lib/python3.12/site-packages/transformers/models/whisper/generation_whisper.py:573: FutureWarning: The input name `inputs` is deprecated. Please make sure to use `input_features` instead.
  warnings.warn(
/home/barberb/.local/lib/python3.12/site-packages/transformers/models/whisper/generation_whisper.py:573: FutureWarning: The input name `inputs` is deprecated. Please make sure to use `input_features` instead.
  warnings.warn(
/home/barberb/.local/lib/python3.12/site-packages/transformers/models/whisper/generation_whisper.py:573: FutureWarning: The input name `inputs` is deprecated. Please make sure to use `input_features` instead.
  warnings.warn(
/home/barberb/.local/lib/python3.12/site-packages/transformers/models/whisper/generation_whisper.py:573: FutureWarning: The input name `inputs` is deprecated. Please make sure to use `input_features` instead.
  warnings.warn(
/home/barberb/.local/lib/python3.12/site-packages/transformers/models/whisper/generation_whisper.py:573: FutureWarning: The input name `inputs` is deprecated. Please make sure to use `input_features` instead.
  warnings.warn(
[10/120] pass=10 fail=0 err=0
/home/barberb/.local/lib/python3.12/site-packages/transformers/models/whisper/generation_whisper.py:573: FutureWarning: The input name `inputs` is deprecated. Please make sure to use `input_features` instead.
  warnings.warn(
/home/barberb/.local/lib/python3.12/site-packages/transformers/models/whisper/generation_whisper.py:573: FutureWarning: The input name `inputs` is deprecated. Please make sure to use `input_features` instead.
  warnings.warn(
/home/barberb/.local/lib/python3.12/site-packages/transformers/models/whisper/generation_whisper.py:573: FutureWarning: The input name `inputs` is deprecated. Please make sure to use `input_features` instead.
  warnings.warn(
/home/barberb/.local/lib/python3.12/site-packages/transformers/models/whisper/generation_whisper.py:573: FutureWarning: The input name `inputs` is deprecated. Please make sure to use `input_features` instead.
  warnings.warn(
/home/barberb/.local/lib/python3.12/site-packages/transformers/models/whisper/generation_whisper.py:573: FutureWarning: The input name `inputs` is deprecated. Please make sure to use `input_features` instead.
  warnings.warn(
/home/barberb/.local/lib/python3.12/site-packages/transformers/models/whisper/generation_whisper.py:573: FutureWarning: The input name `inputs` is deprecated. Please make sure to use `input_features` instead.
  warnings.warn(
/home/barberb/.local/lib/python3.12/site-packages/transformers/models/whisper/generation_whisper.py:573: FutureWarning: The input name `inputs` is deprecated. Please make sure to use `input_features` instead.
  warnings.warn(
/home/barberb/.local/lib/python3.12/site-packages/transformers/models/whisper/generation_whisper.py:573: FutureWarning: The input name `inputs` is deprecated. Please make sure to use `input_features` instead.
  warnings.warn(
/home/barberb/.local/lib/python3.12/site-packages/transformers/models/whisper/generation_whisper.py:573: FutureWarning: The input name `inputs` is deprecated. Please make sure to use `input_features` instead.
  warnings.warn(
/home/barberb/.local/lib/python3.12/site-packages/transformers/models/whisper/generation_whisper.py:573: FutureWarning: The input name `inputs` is deprecated. Please make sure to use `input_features` instead.
  warnings.warn(
[20/120] pass=20 fail=0 err=0
/home/barberb/.local/lib/python3.12/site-packages/transformers/models/whisper/generation_whisper.py:573: FutureWarning: The input name `inputs` is deprecated. Please make sure to use `input_features` instead.
  warnings.warn(
/home/barberb/.local/lib/python3.12/site-packages/transformers/models/whisper/generation_whisper.py:573: FutureWarning: The input name `inputs` is deprecated. Please make sure to use `input_features` instead.
  warnings.warn(
/home/barberb/.local/lib/python3.12/site-packages/transformers/models/whisper/generation_whisper.py:573: FutureWarning: The input name `inputs` is deprecated. Please make sure to use `input_features` instead.
  warnings.warn(
/home/barberb/.local/lib/python3.12/site-packages/transformers/models/whisper/generation_whisper.py:573: FutureWarning: The input name `inputs` is deprecated. Please make sure to use `input_features` instead.
  warnings.warn(
/home/barberb/.local/lib/python3.12/site-packages/transformers/models/whisper/generation_whisper.py:573: FutureWarning: The input name `inputs` is deprecated. Please make sure to use `input_features` instead.
  warnings.warn(
/home/barberb/.local/lib/python3.12/site-packages/transformers/models/whisper/generation_whisper.py:573: FutureWarning: The input name `inputs` is deprecated. Please make sure to use `input_features` instead.
  warnings.warn(
/home/barberb/.local/lib/python3.12/site-packages/transformers/models/whisper/generation_whisper.py:573: FutureWarning: The input name `inputs` is deprecated. Please make sure to use `input_features` instead.
  warnings.warn(
/home/barberb/.local/lib/python3.12/site-packages/transformers/models/whisper/generation_whisper.py:573: FutureWarning: The input name `inputs` is deprecated. Please make sure to use `input_features` instead.
  warnings.warn(
/home/barberb/.local/lib/python3.12/site-packages/transformers/models/whisper/generation_whisper.py:573: FutureWarning: The input name `inputs` is deprecated. Please make sure to use `input_features` instead.
  warnings.warn(
/home/barberb/.local/lib/python3.12/site-packages/transformers/models/whisper/generation_whisper.py:573: FutureWarning: The input name `inputs` is deprecated. Please make sure to use `input_features` instead.
  warnings.warn(
[30/120] pass=30 fail=0 err=0
/home/barberb/.local/lib/python3.12/site-packages/transformers/models/whisper/generation_whisper.py:573: FutureWarning: The input name `inputs` is deprecated. Please make sure to use `input_features` instead.
  warnings.warn(
/home/barberb/.local/lib/python3.12/site-packages/transformers/models/whisper/generation_whisper.py:573: FutureWarning: The input name `inputs` is deprecated. Please make sure to use `input_features` instead.
  warnings.warn(
/home/barberb/.local/lib/python3.12/site-packages/transformers/models/whisper/generation_whisper.py:573: FutureWarning: The input name `inputs` is deprecated. Please make sure to use `input_features` instead.
  warnings.warn(
/home/barberb/.local/lib/python3.12/site-packages/transformers/models/whisper/generation_whisper.py:573: FutureWarning: The input name `inputs` is deprecated. Please make sure to use `input_features` instead.
  warnings.warn(
/home/barberb/.local/lib/python3.12/site-packages/transformers/models/whisper/generation_whisper.py:573: FutureWarning: The input name `inputs` is deprecated. Please make sure to use `input_features` instead.
  warnings.warn(
/home/barberb/.local/lib/python3.12/site-packages/transformers/models/whisper/generation_whisper.py:573: FutureWarning: The input name `inputs` is deprecated. Please make sure to use `input_features` instead.
  warnings.warn(
/home/barberb/.local/lib/python3.12/site-packages/transformers/models/whisper/generation_whisper.py:573: FutureWarning: The input name `inputs` is deprecated. Please make sure to use `input_features` instead.
  warnings.warn(
/home/barberb/.local/lib/python3.12/site-packages/transformers/models/whisper/generation_whisper.py:573: FutureWarning: The input name `inputs` is deprecated. Please make sure to use `input_features` instead.
  warnings.warn(
/home/barberb/.local/lib/python3.12/site-packages/transformers/models/whisper/generation_whisper.py:573: FutureWarning: The input name `inputs` is deprecated. Please make sure to use `input_features` instead.
  warnings.warn(
/home/barberb/.local/lib/python3.12/site-packages/transformers/models/whisper/generation_whisper.py:573: FutureWarning: The input name `inputs` is deprecated. Please make sure to use `input_features` instead.
  warnings.warn(
[40/120] pass=40 fail=0 err=0
/home/barberb/.local/lib/python3.12/site-packages/transformers/models/whisper/generation_whisper.py:573: FutureWarning: The input name `inputs` is deprecated. Please make sure to use `input_features` instead.
  warnings.warn(
/home/barberb/.local/lib/python3.12/site-packages/transformers/models/whisper/generation_whisper.py:573: FutureWarning: The input name `inputs` is deprecated. Please make sure to use `input_features` instead.
  warnings.warn(
/home/barberb/.local/lib/python3.12/site-packages/transformers/models/whisper/generation_whisper.py:573: FutureWarning: The input name `inputs` is deprecated. Please make sure to use `input_features` instead.
  warnings.warn(
/home/barberb/.local/lib/python3.12/site-packages/transformers/models/whisper/generation_whisper.py:573: FutureWarning: The input name `inputs` is deprecated. Please make sure to use `input_features` instead.
  warnings.warn(
/home/barberb/.local/lib/python3.12/site-packages/transformers/models/whisper/generation_whisper.py:573: FutureWarning: The input name `inputs` is deprecated. Please make sure to use `input_features` instead.
  warnings.warn(
/home/barberb/.local/lib/python3.12/site-packages/transformers/models/whisper/generation_whisper.py:573: FutureWarning: The input name `inputs` is deprecated. Please make sure to use `input_features` instead.
  warnings.warn(
/home/barberb/.local/lib/python3.12/site-packages/transformers/models/whisper/generation_whisper.py:573: FutureWarning: The input name `inputs` is deprecated. Please make sure to use `input_features` instead.
  warnings.warn(
/home/barberb/.local/lib/python3.12/site-packages/transformers/models/whisper/generation_whisper.py:573: FutureWarning: The input name `inputs` is deprecated. Please make sure to use `input_features` instead.
  warnings.warn(
/home/barberb/.local/lib/python3.12/site-packages/transformers/models/whisper/generation_whisper.py:573: FutureWarning: The input name `inputs` is deprecated. Please make sure to use `input_features` instead.
  warnings.warn(
/home/barberb/.local/lib/python3.12/site-packages/transformers/models/whisper/generation_whisper.py:573: FutureWarning: The input name `inputs` is deprecated. Please make sure to use `input_features` instead.
  warnings.warn(
[50/120] pass=50 fail=0 err=0
/home/barberb/.local/lib/python3.12/site-packages/transformers/models/whisper/generation_whisper.py:573: FutureWarning: The input name `inputs` is deprecated. Please make sure to use `input_features` instead.
  warnings.warn(
/home/barberb/.local/lib/python3.12/site-packages/transformers/models/whisper/generation_whisper.py:573: FutureWarning: The input name `inputs` is deprecated. Please make sure to use `input_features` instead.
  warnings.warn(
/home/barberb/.local/lib/python3.12/site-packages/transformers/models/whisper/generation_whisper.py:573: FutureWarning: The input name `inputs` is deprecated. Please make sure to use `input_features` instead.
  warnings.warn(
/home/barberb/.local/lib/python3.12/site-packages/transformers/models/whisper/generation_whisper.py:573: FutureWarning: The input name `inputs` is deprecated. Please make sure to use `input_features` instead.
  warnings.warn(
/home/barberb/.local/lib/python3.12/site-packages/transformers/models/whisper/generation_whisper.py:573: FutureWarning: The input name `inputs` is deprecated. Please make sure to use `input_features` instead.
  warnings.warn(
/home/barberb/.local/lib/python3.12/site-packages/transformers/models/whisper/generation_whisper.py:573: FutureWarning: The input name `inputs` is deprecated. Please make sure to use `input_features` instead.
  warnings.warn(
/home/barberb/.local/lib/python3.12/site-packages/transformers/models/whisper/generation_whisper.py:573: FutureWarning: The input name `inputs` is deprecated. Please make sure to use `input_features` instead.
  warnings.warn(
/home/barberb/.local/lib/python3.12/site-packages/transformers/models/whisper/generation_whisper.py:573: FutureWarning: The input name `inputs` is deprecated. Please make sure to use `input_features` instead.
  warnings.warn(
/home/barberb/.local/lib/python3.12/site-packages/transformers/models/whisper/generation_whisper.py:573: FutureWarning: The input name `inputs` is deprecated. Please make sure to use `input_features` instead.
  warnings.warn(
/home/barberb/.local/lib/python3.12/site-packages/transformers/models/whisper/generation_whisper.py:573: FutureWarning: The input name `inputs` is deprecated. Please make sure to use `input_features` instead.
  warnings.warn(
[60/120] pass=60 fail=0 err=0
/home/barberb/.local/lib/python3.12/site-packages/transformers/models/whisper/generation_whisper.py:573: FutureWarning: The input name `inputs` is deprecated. Please make sure to use `input_features` instead.
  warnings.warn(
/home/barberb/.local/lib/python3.12/site-packages/transformers/models/whisper/generation_whisper.py:573: FutureWarning: The input name `inputs` is deprecated. Please make sure to use `input_features` instead.
  warnings.warn(
/home/barberb/.local/lib/python3.12/site-packages/transformers/models/whisper/generation_whisper.py:573: FutureWarning: The input name `inputs` is deprecated. Please make sure to use `input_features` instead.
  warnings.warn(
/home/barberb/.local/lib/python3.12/site-packages/transformers/models/whisper/generation_whisper.py:573: FutureWarning: The input name `inputs` is deprecated. Please make sure to use `input_features` instead.
  warnings.warn(
/home/barberb/.local/lib/python3.12/site-packages/transformers/models/whisper/generation_whisper.py:573: FutureWarning: The input name `inputs` is deprecated. Please make sure to use `input_features` instead.
  warnings.warn(
/home/barberb/.local/lib/python3.12/site-packages/transformers/models/whisper/generation_whisper.py:573: FutureWarning: The input name `inputs` is deprecated. Please make sure to use `input_features` instead.
  warnings.warn(
/home/barberb/.local/lib/python3.12/site-packages/transformers/models/whisper/generation_whisper.py:573: FutureWarning: The input name `inputs` is deprecated. Please make sure to use `input_features` instead.
  warnings.warn(
/home/barberb/.local/lib/python3.12/site-packages/transformers/models/whisper/generation_whisper.py:573: FutureWarning: The input name `inputs` is deprecated. Please make sure to use `input_features` instead.
  warnings.warn(
/home/barberb/.local/lib/python3.12/site-packages/transformers/models/whisper/generation_whisper.py:573: FutureWarning: The input name `inputs` is deprecated. Please make sure to use `input_features` instead.
  warnings.warn(
/home/barberb/.local/lib/python3.12/site-packages/transformers/models/whisper/generation_whisper.py:573: FutureWarning: The input name `inputs` is deprecated. Please make sure to use `input_features` instead.
  warnings.warn(
[70/120] pass=70 fail=0 err=0
/home/barberb/.local/lib/python3.12/site-packages/transformers/models/whisper/generation_whisper.py:573: FutureWarning: The input name `inputs` is deprecated. Please make sure to use `input_features` instead.
  warnings.warn(
/home/barberb/.local/lib/python3.12/site-packages/transformers/models/whisper/generation_whisper.py:573: FutureWarning: The input name `inputs` is deprecated. Please make sure to use `input_features` instead.
  warnings.warn(
/home/barberb/.local/lib/python3.12/site-packages/transformers/models/whisper/generation_whisper.py:573: FutureWarning: The input name `inputs` is deprecated. Please make sure to use `input_features` instead.
  warnings.warn(
/home/barberb/.local/lib/python3.12/site-packages/transformers/models/whisper/generation_whisper.py:573: FutureWarning: The input name `inputs` is deprecated. Please make sure to use `input_features` instead.
  warnings.warn(
/home/barberb/.local/lib/python3.12/site-packages/transformers/models/whisper/generation_whisper.py:573: FutureWarning: The input name `inputs` is deprecated. Please make sure to use `input_features` instead.
  warnings.warn(
/home/barberb/.local/lib/python3.12/site-packages/transformers/models/whisper/generation_whisper.py:573: FutureWarning: The input name `inputs` is deprecated. Please make sure to use `input_features` instead.
  warnings.warn(
/home/barberb/.local/lib/python3.12/site-packages/transformers/models/whisper/generation_whisper.py:573: FutureWarning: The input name `inputs` is deprecated. Please make sure to use `input_features` instead.
  warnings.warn(
/home/barberb/.local/lib/python3.12/site-packages/transformers/models/whisper/generation_whisper.py:573: FutureWarning: The input name `inputs` is deprecated. Please make sure to use `input_features` instead.
  warnings.warn(
/home/barberb/.local/lib/python3.12/site-packages/transformers/models/whisper/generation_whisper.py:573: FutureWarning: The input name `inputs` is deprecated. Please make sure to use `input_features` instead.
  warnings.warn(
/home/barberb/.local/lib/python3.12/site-packages/transformers/models/whisper/generation_whisper.py:573: FutureWarning: The input name `inputs` is deprecated. Please make sure to use `input_features` instead.
  warnings.warn(
[80/120] pass=80 fail=0 err=0
/home/barberb/.local/lib/python3.12/site-packages/transformers/models/whisper/generation_whisper.py:573: FutureWarning: The input name `inputs` is deprecated. Please make sure to use `input_features` instead.
  warnings.warn(
/home/barberb/.local/lib/python3.12/site-packages/transformers/models/whisper/generation_whisper.py:573: FutureWarning: The input name `inputs` is deprecated. Please make sure to use `input_features` instead.
  warnings.warn(
/home/barberb/.local/lib/python3.12/site-packages/transformers/models/whisper/generation_whisper.py:573: FutureWarning: The input name `inputs` is deprecated. Please make sure to use `input_features` instead.
  warnings.warn(
/home/barberb/.local/lib/python3.12/site-packages/transformers/models/whisper/generation_whisper.py:573: FutureWarning: The input name `inputs` is deprecated. Please make sure to use `input_features` instead.
  warnings.warn(
/home/barberb/.local/lib/python3.12/site-packages/transformers/models/whisper/generation_whisper.py:573: FutureWarning: The input name `inputs` is deprecated. Please make sure to use `input_features` instead.
  warnings.warn(
/home/barberb/.local/lib/python3.12/site-packages/transformers/models/whisper/generation_whisper.py:573: FutureWarning: The input name `inputs` is deprecated. Please make sure to use `input_features` instead.
  warnings.warn(
/home/barberb/.local/lib/python3.12/site-packages/transformers/models/whisper/generation_whisper.py:573: FutureWarning: The input name `inputs` is deprecated. Please make sure to use `input_features` instead.
  warnings.warn(
/home/barberb/.local/lib/python3.12/site-packages/transformers/models/whisper/generation_whisper.py:573: FutureWarning: The input name `inputs` is deprecated. Please make sure to use `input_features` instead.
  warnings.warn(
/home/barberb/.local/lib/python3.12/site-packages/transformers/models/whisper/generation_whisper.py:573: FutureWarning: The input name `inputs` is deprecated. Please make sure to use `input_features` instead.
  warnings.warn(
/home/barberb/.local/lib/python3.12/site-packages/transformers/models/whisper/generation_whisper.py:573: FutureWarning: The input name `inputs` is deprecated. Please make sure to use `input_features` instead.
  warnings.warn(
[90/120] pass=89 fail=0 err=1
/home/barberb/.local/lib/python3.12/site-packages/transformers/models/whisper/generation_whisper.py:573: FutureWarning: The input name `inputs` is deprecated. Please make sure to use `input_features` instead.
  warnings.warn(
/home/barberb/.local/lib/python3.12/site-packages/transformers/models/whisper/generation_whisper.py:573: FutureWarning: The input name `inputs` is deprecated. Please make sure to use `input_features` instead.
  warnings.warn(
/home/barberb/.local/lib/python3.12/site-packages/transformers/models/whisper/generation_whisper.py:573: FutureWarning: The input name `inputs` is deprecated. Please make sure to use `input_features` instead.
  warnings.warn(
/home/barberb/.local/lib/python3.12/site-packages/transformers/models/whisper/generation_whisper.py:573: FutureWarning: The input name `inputs` is deprecated. Please make sure to use `input_features` instead.
  warnings.warn(
/home/barberb/.local/lib/python3.12/site-packages/transformers/models/whisper/generation_whisper.py:573: FutureWarning: The input name `inputs` is deprecated. Please make sure to use `input_features` instead.
  warnings.warn(
/home/barberb/.local/lib/python3.12/site-packages/transformers/models/whisper/generation_whisper.py:573: FutureWarning: The input name `inputs` is deprecated. Please make sure to use `input_features` instead.
  warnings.warn(
/home/barberb/.local/lib/python3.12/site-packages/transformers/models/whisper/generation_whisper.py:573: FutureWarning: The input name `inputs` is deprecated. Please make sure to use `input_features` instead.
  warnings.warn(
/home/barberb/.local/lib/python3.12/site-packages/transformers/models/whisper/generation_whisper.py:573: FutureWarning: The input name `inputs` is deprecated. Please make sure to use `input_features` instead.
  warnings.warn(
/home/barberb/.local/lib/python3.12/site-packages/transformers/models/whisper/generation_whisper.py:573: FutureWarning: The input name `inputs` is deprecated. Please make sure to use `input_features` instead.
  warnings.warn(
/home/barberb/.local/lib/python3.12/site-packages/transformers/models/whisper/generation_whisper.py:573: FutureWarning: The input name `inputs` is deprecated. Please make sure to use `input_features` instead.
  warnings.warn(
[100/120] pass=99 fail=0 err=1
/home/barberb/.local/lib/python3.12/site-packages/transformers/models/whisper/generation_whisper.py:573: FutureWarning: The input name `inputs` is deprecated. Please make sure to use `input_features` instead.
  warnings.warn(
/home/barberb/.local/lib/python3.12/site-packages/transformers/models/whisper/generation_whisper.py:573: FutureWarning: The input name `inputs` is deprecated. Please make sure to use `input_features` instead.
  warnings.warn(
/home/barberb/.local/lib/python3.12/site-packages/transformers/models/whisper/generation_whisper.py:573: FutureWarning: The input name `inputs` is deprecated. Please make sure to use `input_features` instead.
  warnings.warn(
/home/barberb/.local/lib/python3.12/site-packages/transformers/models/whisper/generation_whisper.py:573: FutureWarning: The input name `inputs` is deprecated. Please make sure to use `input_features` instead.
  warnings.warn(
/home/barberb/.local/lib/python3.12/site-packages/transformers/models/whisper/generation_whisper.py:573: FutureWarning: The input name `inputs` is deprecated. Please make sure to use `input_features` instead.
  warnings.warn(
/home/barberb/.local/lib/python3.12/site-packages/transformers/models/whisper/generation_whisper.py:573: FutureWarning: The input name `inputs` is deprecated. Please make sure to use `input_features` instead.
  warnings.warn(
/home/barberb/.local/lib/python3.12/site-packages/transformers/models/whisper/generation_whisper.py:573: FutureWarning: The input name `inputs` is deprecated. Please make sure to use `input_features` instead.
  warnings.warn(
/home/barberb/.local/lib/python3.12/site-packages/transformers/models/whisper/generation_whisper.py:573: FutureWarning: The input name `inputs` is deprecated. Please make sure to use `input_features` instead.
  warnings.warn(
/home/barberb/.local/lib/python3.12/site-packages/transformers/models/whisper/generation_whisper.py:573: FutureWarning: The input name `inputs` is deprecated. Please make sure to use `input_features` instead.
  warnings.warn(
/home/barberb/.local/lib/python3.12/site-packages/transformers/models/whisper/generation_whisper.py:573: FutureWarning: The input name `inputs` is deprecated. Please make sure to use `input_features` instead.
  warnings.warn(
[110/120] pass=109 fail=0 err=1
/home/barberb/.local/lib/python3.12/site-packages/transformers/models/whisper/generation_whisper.py:573: FutureWarning: The input name `inputs` is deprecated. Please make sure to use `input_features` instead.
  warnings.warn(
/home/barberb/.local/lib/python3.12/site-packages/transformers/models/whisper/generation_whisper.py:573: FutureWarning: The input name `inputs` is deprecated. Please make sure to use `input_features` instead.
  warnings.warn(
/home/barberb/.local/lib/python3.12/site-packages/transformers/models/whisper/generation_whisper.py:573: FutureWarning: The input name `inputs` is deprecated. Please make sure to use `input_features` instead.
  warnings.warn(
/home/barberb/.local/lib/python3.12/site-packages/transformers/models/whisper/generation_whisper.py:573: FutureWarning: The input name `inputs` is deprecated. Please make sure to use `input_features` instead.
  warnings.warn(
/home/barberb/.local/lib/python3.12/site-packages/transformers/models/whisper/generation_whisper.py:573: FutureWarning: The input name `inputs` is deprecated. Please make sure to use `input_features` instead.
  warnings.warn(
/home/barberb/.local/lib/python3.12/site-packages/transformers/models/whisper/generation_whisper.py:573: FutureWarning: The input name `inputs` is deprecated. Please make sure to use `input_features` instead.
  warnings.warn(
/home/barberb/.local/lib/python3.12/site-packages/transformers/models/whisper/generation_whisper.py:573: FutureWarning: The input name `inputs` is deprecated. Please make sure to use `input_features` instead.
  warnings.warn(
/home/barberb/.local/lib/python3.12/site-packages/transformers/models/whisper/generation_whisper.py:573: FutureWarning: The input name `inputs` is deprecated. Please make sure to use `input_features` instead.
  warnings.warn(
/home/barberb/.local/lib/python3.12/site-packages/transformers/models/whisper/generation_whisper.py:573: FutureWarning: The input name `inputs` is deprecated. Please make sure to use `input_features` instead.
  warnings.warn(
/home/barberb/.local/lib/python3.12/site-packages/transformers/models/whisper/generation_whisper.py:573: FutureWarning: The input name `inputs` is deprecated. Please make sure to use `input_features` instead.
  warnings.warn(
[120/120] pass=119 fail=0 err=1
whisper adjudication FAILED {'total': 120, 'passed': 119, 'failed': 0, 'errors': 1, 'pass_rate': 0.9917, 'adjudicated_pass_rate': 1.0, 'model_load_seconds': 0.765, 'elapsed_seconds': 306.777}
{
  "total": 120,
  "passed": 119,
  "failed": 0,
  "errors": 1,
  "pass_rate": 0.9917,
  "adjudicated_pass_rate": 1.0,
  "model_load_seconds": 0.765,
  "elapsed_seconds": 306.777,
  "status": "partial",
  "meets": false
}
